Microchip MPLAB XC8 Compiler V2.10 ()

Linker command line:

-W-3 --edf=C:\Program Files (x86)\Microchip\xc8\v2.10\pic\dat\en_msgs.txt \
  -cs \
  -h+dist/default/production\pic16f18446-sensor-board-pressure-measurement.X.production.sym \
  --cmf=dist/default/production\pic16f18446-sensor-board-pressure-measurement.X.production.cmf \
  -z -Q16F18446 -oC:\Users\m18029\AppData\Local\Temp\sqog.2 \
  --defsym=__MPLAB_BUILD=1 \
  -Mdist/default/production/pic16f18446-sensor-board-pressure-measurement.X.production.map \
  -E1 -ver=XC8 --acfsm=1493 -ASTACK=02054h-025EDh -pstack=STACK \
  -ACODE=00h-07FFhx8 -ASTRCODE=00h-03FFFh -ASTRING=00h-0FFhx64 \
  -ACONST=00h-0FFhx64 -AENTRY=00h-0FFhx64 -ACOMMON=070h-07Fh \
  -ABANK0=020h-06Fh -ABANK1=0A0h-0EFh -ABANK2=0120h-016Fh \
  -ABANK3=01A0h-01EFh -ABANK4=0220h-026Fh -ABANK5=02A0h-02EFh \
  -ABANK6=0320h-036Fh -ABANK7=03A0h-03EFh -ABANK8=0420h-046Fh \
  -ABANK9=04A0h-04EFh -ABANK10=0520h-056Fh -ABANK11=05A0h-05EFh \
  -ABANK12=0620h-066Fh -ABANK13=06A0h-06EFh -ABANK14=0720h-076Fh \
  -ABANK15=07A0h-07EFh -ABANK16=0820h-086Fh -ABANK17=08A0h-08EFh \
  -ABANK18=0920h-096Fh -ABANK19=09A0h-09EFh -ABANK20=0A20h-0A6Fh \
  -ABANK21=0AA0h-0AEFh -ABANK22=0B20h-0B6Fh -ABANK23=0BA0h-0BEFh \
  -ABANK24=0C20h-0C6Fh -ABANK25=0CA0h-0CBFh -ABIGRAM=02000h-027EFh \
  -ARAM=020h-06Fh,0A0h-0EFh,0120h-016Fh,01A0h-01EFh,0220h-026Fh,02A0h-02EFh,0320h-036Fh,03A0h-03EFh,0420h-046Fh,04A0h-04EFh,0520h-056Fh,05A0h-05EFh,0620h-066Fh,06A0h-06EFh,0720h-076Fh,07A0h-07EFh,0820h-086Fh,08A0h-08EFh,0920h-096Fh,09A0h-09EFh,0A20h-0A6Fh,0AA0h-0AEFh,0B20h-0B6Fh,0BA0h-0BEFh,0C20h-0C6Fh,0CA0h-0CBFh \
  -AABS1=020h-07Fh,0A0h-0EFh,0120h-016Fh,01A0h-01EFh,0220h-026Fh,02A0h-02EFh,0320h-036Fh,03A0h-03EFh,0420h-046Fh,04A0h-04EFh,0520h-056Fh,05A0h-05EFh,0620h-066Fh,06A0h-06EFh,0720h-076Fh,07A0h-07EFh,0820h-086Fh,08A0h-08EFh,0920h-096Fh,09A0h-09EFh,0A20h-0A6Fh,0AA0h-0AEFh,0B20h-0B6Fh,0BA0h-0BEFh,0C20h-0C6Fh,0CA0h-0CBFh \
  -ASFR0=00h-01Fh -ASFR1=080h-09Fh -ASFR2=0100h-011Fh -ASFR3=0180h-019Fh \
  -ASFR4=0200h-021Fh -ASFR5=0280h-029Fh -ASFR6=0300h-031Fh \
  -ASFR7=0380h-039Fh -ASFR8=0400h-041Fh -ASFR9=0480h-049Fh \
  -ASFR10=0500h-051Fh -ASFR11=0580h-059Fh -ASFR12=0600h-061Fh \
  -ASFR13=0680h-069Fh -ASFR14=0700h-071Fh -ASFR15=0780h-079Fh \
  -ASFR16=0800h-081Fh -ASFR17=0880h-089Fh -ASFR18=0900h-091Fh \
  -ASFR19=0980h-099Fh -ASFR20=0A00h-0A1Fh -ASFR21=0A80h-0A9Fh \
  -ASFR22=0B00h-0B1Fh -ASFR23=0B80h-0B9Fh -ASFR24=0C00h-0C1Fh \
  -ASFR25=0C80h-0C9Fh -ASFR26=0D00h-0D6Fh -ASFR27=0D80h-0DEFh \
  -ASFR28=0E00h-0E6Fh -ASFR29=0E80h-0EEFh -ASFR30=0F00h-0F6Fh \
  -ASFR31=0F80h-0FEFh -ASFR32=01000h-0106Fh -ASFR33=01080h-010EFh \
  -ASFR34=01100h-0116Fh -ASFR35=01180h-011EFh -ASFR36=01200h-0126Fh \
  -ASFR37=01280h-012EFh -ASFR38=01300h-0136Fh -ASFR39=01380h-013EFh \
  -ASFR40=01400h-0146Fh -ASFR41=01480h-014EFh -ASFR42=01500h-0156Fh \
  -ASFR43=01580h-015EFh -ASFR44=01600h-0166Fh -ASFR45=01680h-016EFh \
  -ASFR46=01700h-0176Fh -ASFR47=01780h-017EFh -ASFR48=01800h-0186Fh \
  -ASFR49=01880h-018EFh -ASFR50=01900h-0196Fh -ASFR51=01980h-019EFh \
  -ASFR52=01A00h-01A6Fh -ASFR53=01A80h-01AEFh -ASFR54=01B00h-01B6Fh \
  -ASFR55=01B80h-01BEFh -ASFR56=01C00h-01C6Fh -ASFR57=01C80h-01CEFh \
  -ASFR58=01D00h-01D6Fh -ASFR59=01D80h-01DEFh -ASFR60=01E00h-01E6Fh \
  -ASFR61=01E80h-01EEFh -ASFR62=01F00h-01F6Fh -ASFR63=01F80h-01FEFh \
  -preset_vec=00h,intentry=04h,init,end_init -ppowerup=CODE -pcinit=CODE \
  -pfunctab=ENTRY -ACONFIG=08007h-0800Bh -pconfig=CONFIG -DCONFIG=2 \
  -AIDLOC=08000h-08003h -pidloc=IDLOC -DIDLOC=2 -AEEDATA=00h-0FFh/0F000h \
  -peeprom_data=EEDATA -DEEDATA=2 -DCODE=2 -DSTRCODE=2 -DSTRING=2 -DCONST=2 \
  -DENTRY=2 -k C:\Users\m18029\AppData\Local\Temp\sqog.o \
  dist/default/production\pic16f18446-sensor-board-pressure-measurement.X.production.o 

Object code version is 3.11

Machine type is 16F18446



                Name                               Link     Load   Length Selector   Space Scale
C:\Users\m18029\AppData\Local\Temp\sqog.o
                end_init                             14       14        2        8       0
                reset_vec                             0        0        2        0       0
                config                             8007     8007        5    1000E       0
dist/default/production\pic16f18446-sensor-board-pressure-measurement.X.production.o
                cinit                                16       16       23        8       0
                intentry                              4        4       10        8       0
                text53                             16D5     16D5        A     2DAA       0
                text52                             16AC     16AC        1     2D58       0
                text51                             172A     172A        F     2E54       0
                text50                             16DF     16DF        A     2DBE       0
                text49                              7FF      7FF        1      95A       0
                text48                             1739     1739        F     2E72       0
                text47                             1758     1758       11     2EB0       0
                text45                             16AD     16AD        3     2D5A       0
                text44                             171D     171D        D     2E3A       0
                text43                              A68      A68       4D     14D0       0
                text42                             17CF     17CF       18     2F9E       0
                text41                             16E9     16E9        A     2DD2       0
                text40                             16F3     16F3        A     2DE6       0
                text39                              901      901       33     1202       0
                text38                             16FD     16FD        A     2DFA       0
                text37                             1769     1769       12     2ED2       0
                text36                              7C3      7C3       38      95A       0
                text35                             16C3     16C3        9     2D86       0
                text34                             16B0     16B0        3     2D60       0
                text33                              ECC      ECC      134     1D98       0
                text32                             16B3     16B3        4     2D66       0
                text31                             1711     1711        C     2E22       0
                text30                              80C      80C       1E     1018       0
                text29                             178E     178E       15     2F1C       0
                text28                             17A3     17A3       16     2F46       0
                text27                              7FB      7FB        4      95A       0
                text26                             16CC     16CC        9     2D98       0
                text25                             16B7     16B7        6     2D6E       0
                text24                             16BD     16BD        6     2D7A       0
                text23                              9D6      9D6       47     13AC       0
                text22                             1707     1707        A     2E0E       0
                text21                             177B     177B       13     2EF6       0
                text20                             17E7     17E7       19     2FCE       0
                text19                              99F      99F       37     133E       0
                text18                              8D0      8D0       31     11A0       0
                text17                             1748     1748       10     2E90       0
                text16                              AB5      AB5       5B     156A       0
                text15                              969      969       36     12D2       0
                text14                              C59      C59       C3     18B2       0
                text13                              849      849       2B     1092       0
                text12                              B6F      B6F       6E     16DE       0
                text11                              B10      B10       5F     1620       0
                text10                             17B9     17B9       16     2F72       0
                text9                               82A      82A       1F     1054       0
                text8                               66B      66B      158      95A       0
                text7                               A1D      A1D       4B     143A       0
                text6                               4AD      4AD      1BE      95A       0
                text5                               BDD      BDD       7C     17BA       0
                text4                               934      934       35     1268       0
                text3                               DE1      DE1       EB     1BC2       0
                text2                               D1C      D1C       C5     1A38       0
                text1                               8A1      8A1       2F     1142       0
                maintext                            874      874       2D     10E8       0
                cstackBANK0                          20       20       39       20       1
                cstackCOMMON                         70       70        C       70       1
                clrtext                             800      800        C     1000       0
                dataBANK0                            6E       6E        2       20       1
                bssBANK0                             59       59       15       20       1
                bssCOMMON                            7C       7C        1       70       1
                stringtext4                        1800     1800        9     3000       0
                nvBANK1                              A0       A0        4       A0       1
                stringtext3                        1809     1809        7     3000       0
                stringtext2                          39       39      474       72       0
                stringtext1                        1810     1810        4     3000       0
                idataBANK0                            2        2        2        0       0

TOTAL           Name                               Link     Load   Length     Space
        CLASS   STACK          

        CLASS   CODE           
                end_init                             14       14        2         0
                cinit                                16       16       23         0
                intentry                              4        4       10         0
                reset_vec                             0        0        2         0
                text53                             16D5     16D5        A         0
                text52                             16AC     16AC        1         0
                text51                             172A     172A        F         0
                text50                             16DF     16DF        A         0
                text49                              7FF      7FF        1         0
                text48                             1739     1739        F         0
                text47                             1758     1758       11         0
                text45                             16AD     16AD        3         0
                text44                             171D     171D        D         0
                text43                              A68      A68       4D         0
                text42                             17CF     17CF       18         0
                text41                             16E9     16E9        A         0
                text40                             16F3     16F3        A         0
                text39                              901      901       33         0
                text38                             16FD     16FD        A         0
                text37                             1769     1769       12         0
                text36                              7C3      7C3       38         0
                text35                             16C3     16C3        9         0
                text34                             16B0     16B0        3         0
                text33                              ECC      ECC      134         0
                text32                             16B3     16B3        4         0
                text31                             1711     1711        C         0
                text30                              80C      80C       1E         0
                text29                             178E     178E       15         0
                text28                             17A3     17A3       16         0
                text27                              7FB      7FB        4         0
                text26                             16CC     16CC        9         0
                text25                             16B7     16B7        6         0
                text24                             16BD     16BD        6         0
                text23                              9D6      9D6       47         0
                text22                             1707     1707        A         0
                text21                             177B     177B       13         0
                text20                             17E7     17E7       19         0
                text19                              99F      99F       37         0
                text18                              8D0      8D0       31         0
                text17                             1748     1748       10         0
                text16                              AB5      AB5       5B         0
                text15                              969      969       36         0
                text14                              C59      C59       C3         0
                text13                              849      849       2B         0
                text12                              B6F      B6F       6E         0
                text11                              B10      B10       5F         0
                text10                             17B9     17B9       16         0
                text9                               82A      82A       1F         0
                text8                               66B      66B      158         0
                text7                               A1D      A1D       4B         0
                text6                               4AD      4AD      1BE         0
                text5                               BDD      BDD       7C         0
                text4                               934      934       35         0
                text3                               DE1      DE1       EB         0
                text2                               D1C      D1C       C5         0
                text1                               8A1      8A1       2F         0
                maintext                            874      874       2D         0
                clrtext                             800      800        C         0
                idataBANK0                            2        2        2         0

        CLASS   STRCODE        
                stringtext4                        1800     1800        9         0
                stringtext3                        1809     1809        7         0
                stringtext2                          39       39      474         0
                stringtext1                        1810     1810        4         0

        CLASS   STRING         

        CLASS   CONST          

        CLASS   ENTRY          

        CLASS   COMMON         
                cstackCOMMON                         70       70        C         1
                bssCOMMON                            7C       7C        1         1

        CLASS   BANK0          
                cstackBANK0                          20       20       39         1
                dataBANK0                            6E       6E        2         1
                bssBANK0                             59       59       15         1

        CLASS   BANK1          
                nvBANK1                              A0       A0        4         1

        CLASS   BANK2          

        CLASS   BANK3          

        CLASS   BANK4          

        CLASS   BANK5          

        CLASS   BANK6          

        CLASS   BANK7          

        CLASS   BANK8          

        CLASS   BANK9          

        CLASS   BANK10         

        CLASS   BANK11         

        CLASS   BANK12         

        CLASS   BANK13         

        CLASS   BANK14         

        CLASS   BANK15         

        CLASS   BANK16         

        CLASS   BANK17         

        CLASS   BANK18         

        CLASS   BANK19         

        CLASS   BANK20         

        CLASS   BANK21         

        CLASS   BANK22         

        CLASS   BANK23         

        CLASS   BANK24         

        CLASS   BANK25         

        CLASS   BIGRAM         

        CLASS   RAM            

        CLASS   ABS1           
                abs_s1                               7E       7E        2         1
                abs_s1                              96E      96E        2         1
                abs_s1                              9A0      9A0       50         1
                abs_s1                              A20      A20       50         1
                abs_s1                              AA0      AA0       50         1
                abs_s1                              B20      B20       50         1
                abs_s1                              BA0      BA0       50         1
                abs_s1                              C20      C20       50         1
                abs_s1                              CA0      CA0       20         1
                abs_s1                             25EE     25EE        0         1
                abs_s1                             26EF     26EF        0         1

        CLASS   SFR0           

        CLASS   SFR1           

        CLASS   SFR2           

        CLASS   SFR3           

        CLASS   SFR4           

        CLASS   SFR5           

        CLASS   SFR6           

        CLASS   SFR7           

        CLASS   SFR8           

        CLASS   SFR9           

        CLASS   SFR10          

        CLASS   SFR11          

        CLASS   SFR12          

        CLASS   SFR13          

        CLASS   SFR14          

        CLASS   SFR15          

        CLASS   SFR16          

        CLASS   SFR17          

        CLASS   SFR18          

        CLASS   SFR19          

        CLASS   SFR20          

        CLASS   SFR21          

        CLASS   SFR22          

        CLASS   SFR23          

        CLASS   SFR24          

        CLASS   SFR25          

        CLASS   SFR26          

        CLASS   SFR27          

        CLASS   SFR28          

        CLASS   SFR29          

        CLASS   SFR30          

        CLASS   SFR31          

        CLASS   SFR32          

        CLASS   SFR33          

        CLASS   SFR34          

        CLASS   SFR35          

        CLASS   SFR36          

        CLASS   SFR37          

        CLASS   SFR38          

        CLASS   SFR39          

        CLASS   SFR40          

        CLASS   SFR41          

        CLASS   SFR42          

        CLASS   SFR43          

        CLASS   SFR44          

        CLASS   SFR45          

        CLASS   SFR46          

        CLASS   SFR47          

        CLASS   SFR48          

        CLASS   SFR49          

        CLASS   SFR50          

        CLASS   SFR51          

        CLASS   SFR52          

        CLASS   SFR53          

        CLASS   SFR54          

        CLASS   SFR55          

        CLASS   SFR56          

        CLASS   SFR57          

        CLASS   SFR58          

        CLASS   SFR59          

        CLASS   SFR60          

        CLASS   SFR61          

        CLASS   SFR62          

        CLASS   SFR63          

        CLASS   CONFIG         
                config                             8007     8007        5         0

        CLASS   IDLOC          

        CLASS   EEDATA         

        CLASS   BANK63         

        CLASS   BANK62         

        CLASS   BANK61         

        CLASS   BANK60         

        CLASS   BANK59         

        CLASS   BANK58         

        CLASS   BANK57         

        CLASS   BANK56         

        CLASS   BANK55         

        CLASS   BANK54         

        CLASS   BANK53         

        CLASS   BANK52         

        CLASS   BANK51         

        CLASS   BANK50         

        CLASS   BANK49         

        CLASS   BANK48         

        CLASS   BANK47         

        CLASS   BANK46         

        CLASS   BANK45         

        CLASS   BANK44         

        CLASS   BANK43         

        CLASS   BANK42         

        CLASS   BANK41         

        CLASS   BANK40         

        CLASS   BANK39         

        CLASS   BANK38         

        CLASS   BANK37         

        CLASS   BANK36         

        CLASS   BANK35         

        CLASS   BANK34         

        CLASS   BANK33         

        CLASS   BANK32         

        CLASS   BANK31         

        CLASS   BANK30         

        CLASS   BANK29         

        CLASS   BANK28         

        CLASS   BANK27         

        CLASS   BANK26         



SEGMENTS        Name                           Load    Length   Top    Selector   Space  Class     Delta

                reset_vec                      000000  000004  000004         0       0  CODE        2
                intentry                       000004  000035  000039         8       0  CODE        2
                cstackBANK0                    000020  000050  000070        20       1  BANK0       1
                cstackCOMMON                   000070  00000D  00007D        70       1  COMMON      1
                stringtext2                    000039  000474  0004AD        72       0  STRCODE     2
                nvBANK1                        0000A0  000004  0000A4        A0       1  BANK1       1
                text6                          0004AD  000353  000800       95A       0  CODE        2
                clrtext                        000800  00000C  00080C      1000       0  CODE        2
                text30                         00080C  00001E  00082A      1018       0  CODE        2
                text9                          00082A  00001F  000849      1054       0  CODE        2
                text13                         000849  00002B  000874      1092       0  CODE        2
                maintext                       000874  00002D  0008A1      10E8       0  CODE        2
                text1                          0008A1  00002F  0008D0      1142       0  CODE        2
                text18                         0008D0  000031  000901      11A0       0  CODE        2
                text39                         000901  000033  000934      1202       0  CODE        2
                text4                          000934  000035  000969      1268       0  CODE        2
                text15                         000969  000036  00099F      12D2       0  CODE        2
                text19                         00099F  000037  0009D6      133E       0  CODE        2
                text23                         0009D6  000047  000A1D      13AC       0  CODE        2
                text7                          000A1D  00004B  000A68      143A       0  CODE        2
                text43                         000A68  00004D  000AB5      14D0       0  CODE        2
                text16                         000AB5  00005B  000B10      156A       0  CODE        2
                text11                         000B10  00005F  000B6F      1620       0  CODE        2
                text12                         000B6F  00006E  000BDD      16DE       0  CODE        2
                text5                          000BDD  00007C  000C59      17BA       0  CODE        2
                text14                         000C59  0000C3  000D1C      18B2       0  CODE        2
                text2                          000D1C  0000C5  000DE1      1A38       0  CODE        2
                text3                          000DE1  0000EB  000ECC      1BC2       0  CODE        2
                text33                         000ECC  000134  001000      1D98       0  CODE        2
                text52                         0016AC  000001  0016AD      2D58       0  CODE        2
                text45                         0016AD  000003  0016B0      2D5A       0  CODE        2
                text34                         0016B0  000003  0016B3      2D60       0  CODE        2
                text32                         0016B3  000004  0016B7      2D66       0  CODE        2
                text25                         0016B7  000006  0016BD      2D6E       0  CODE        2
                text24                         0016BD  000006  0016C3      2D7A       0  CODE        2
                text35                         0016C3  000009  0016CC      2D86       0  CODE        2
                text26                         0016CC  000009  0016D5      2D98       0  CODE        2
                text53                         0016D5  00000A  0016DF      2DAA       0  CODE        2
                text50                         0016DF  00000A  0016E9      2DBE       0  CODE        2
                text41                         0016E9  00000A  0016F3      2DD2       0  CODE        2
                text40                         0016F3  00000A  0016FD      2DE6       0  CODE        2
                text38                         0016FD  00000A  001707      2DFA       0  CODE        2
                text22                         001707  00000A  001711      2E0E       0  CODE        2
                text31                         001711  00000C  00171D      2E22       0  CODE        2
                text44                         00171D  00000D  00172A      2E3A       0  CODE        2
                text51                         00172A  00000F  001739      2E54       0  CODE        2
                text48                         001739  00000F  001748      2E72       0  CODE        2
                text17                         001748  000010  001758      2E90       0  CODE        2
                text47                         001758  000011  001769      2EB0       0  CODE        2
                text37                         001769  000012  00177B      2ED2       0  CODE        2
                text21                         00177B  000013  00178E      2EF6       0  CODE        2
                text29                         00178E  000015  0017A3      2F1C       0  CODE        2
                text28                         0017A3  000016  0017B9      2F46       0  CODE        2
                text10                         0017B9  000016  0017CF      2F72       0  CODE        2
                text42                         0017CF  000018  0017E7      2F9E       0  CODE        2
                text20                         0017E7  000019  001800      2FCE       0  CODE        2
                stringtext4                    001800  000014  001814      3000       0  STRCODE     2
                config                         008007  000005  00800C     1000E       0  CONFIG      2


UNUSED ADDRESS RANGES

        Name                Unused          Largest block    Delta
        BANK1            000A4-000EF              4C           1
        BANK10           00520-0056F              50           1
        BANK11           005A0-005EF              50           1
        BANK12           00620-0066F              50           1
        BANK13           006A0-006EF              50           1
        BANK14           00720-0076F              50           1
        BANK15           007A0-007EF              50           1
        BANK16           00820-0086F              50           1
        BANK17           008A0-008EF              50           1
        BANK18           00920-0096D              4E           1
        BANK2            00120-0016F              50           1
        BANK3            001A0-001EF              50           1
        BANK4            00220-0026F              50           1
        BANK5            002A0-002EF              50           1
        BANK6            00320-0036F              50           1
        BANK7            003A0-003EF              50           1
        BANK8            00420-0046F              50           1
        BANK9            004A0-004EF              50           1
        BIGRAM           02000-027EF             7F0           1
        CODE             01000-016AB             6AC           2
                         01814-03FFF             800
        COMMON           0007D-0007D               1           1
        CONST            01000-016AB             100           2
                         01814-03FFF             100
        EEDATA           0F000-0F0FF             100           2
        ENTRY            01000-016AB             100           2
                         01814-03FFF             100
        IDLOC            08000-08003               4           2
        RAM              000A4-000EF              4C           1
                         00120-0016F              50
                         001A0-001EF              50
                         00220-0026F              50
                         002A0-002EF              50
                         00320-0036F              50
                         003A0-003EF              50
                         00420-0046F              50
                         004A0-004EF              50
                         00520-0056F              50
                         005A0-005EF              50
                         00620-0066F              50
                         006A0-006EF              50
                         00720-0076F              50
                         007A0-007EF              50
                         00820-0086F              50
                         008A0-008EF              50
                         00920-0096D              4E
        SFR0             00000-0001F              20           1
        SFR1             00080-0009F              20           1
        SFR10            00500-0051F              20           1
        SFR11            00580-0059F              20           1
        SFR12            00600-0061F              20           1
        SFR13            00680-0069F              20           1
        SFR14            00700-0071F              20           1
        SFR15            00780-0079F              20           1
        SFR16            00800-0081F              20           1
        SFR17            00880-0089F              20           1
        SFR18            00900-0091F              20           1
        SFR19            00980-0099F              20           1
        SFR2             00100-0011F              20           1
        SFR20            00A00-00A1F              20           1
        SFR21            00A80-00A9F              20           1
        SFR22            00B00-00B1F              20           1
        SFR23            00B80-00B9F              20           1
        SFR24            00C00-00C1F              20           1
        SFR25            00C80-00C9F              20           1
        SFR26            00D00-00D6F              70           1
        SFR27            00D80-00DEF              70           1
        SFR28            00E00-00E6F              70           1
        SFR29            00E80-00EEF              70           1
        SFR3             00180-0019F              20           1
        SFR30            00F00-00F6F              70           1
        SFR31            00F80-00FEF              70           1
        SFR32            01000-0106F              70           1
        SFR33            01080-010EF              70           1
        SFR34            01100-0116F              70           1
        SFR35            01180-011EF              70           1
        SFR36            01200-0126F              70           1
        SFR37            01280-012EF              70           1
        SFR38            01300-0136F              70           1
        SFR39            01380-013EF              70           1
        SFR4             00200-0021F              20           1
        SFR40            01400-0146F              70           1
        SFR41            01480-014EF              70           1
        SFR42            01500-0156F              70           1
        SFR43            01580-015EF              70           1
        SFR44            01600-0166F              70           1
        SFR45            01680-016EF              70           1
        SFR46            01700-0176F              70           1
        SFR47            01780-017EF              70           1
        SFR48            01800-0186F              70           1
        SFR49            01880-018EF              70           1
        SFR5             00280-0029F              20           1
        SFR50            01900-0196F              70           1
        SFR51            01980-019EF              70           1
        SFR52            01A00-01A6F              70           1
        SFR53            01A80-01AEF              70           1
        SFR54            01B00-01B6F              70           1
        SFR55            01B80-01BEF              70           1
        SFR56            01C00-01C6F              70           1
        SFR57            01C80-01CEF              70           1
        SFR58            01D00-01D6F              70           1
        SFR59            01D80-01DEF              70           1
        SFR6             00300-0031F              20           1
        SFR60            01E00-01E6F              70           1
        SFR61            01E80-01EEF              70           1
        SFR62            01F00-01F6F              70           1
        SFR63            01F80-01FEF              70           1
        SFR7             00380-0039F              20           1
        SFR8             00400-0041F              20           1
        SFR9             00480-0049F              20           1
        STACK            02054-025ED             59A           1
        STRCODE          01000-016AB             6AC           2
                         01814-03FFF            27EC
        STRING           01000-016AB             100           2
                         01814-03FFF             100

                                  Symbol Table

?_ADCC_GetAccumulatorValue                  cstackCOMMON 00071
?___awdiv                                   cstackCOMMON 00071
?___lldiv                                   cstackCOMMON 00071
?___llmod                                   cstackBANK0  00025
?___lmul                                    cstackCOMMON 00071
?___wmul                                    cstackCOMMON 00071
ADCC_GetSingleConversion@channel            cstackCOMMON 00071
GFX_ClearScreen@color                       cstackBANK0  0002C
GFX_DrawPixel@color                         cstackBANK0  00026
GFX_DrawPixel@x                             cstackBANK0  0002D
GFX_DrawPixel@y                             cstackBANK0  00025
GFX_DrawText@bgColor                        cstackBANK0  0002A
GFX_DrawText@bitCount                       cstackBANK0  0003A
GFX_DrawText@ch                             cstackBANK0  00038
GFX_DrawText@count                          cstackBANK0  00036
GFX_DrawText@d                              cstackBANK0  00037
GFX_DrawText@fgColor                        cstackBANK0  00028
GFX_DrawText@height                         cstackBANK0  0003C
GFX_DrawText@step                           cstackBANK0  0003B
GFX_DrawText@string                         cstackBANK0  00026
GFX_DrawText@width                          cstackBANK0  0003E
GFX_DrawText@x                              cstackBANK0  0003D
GFX_DrawText@y                              cstackBANK0  00025
GFX_SetFont@font                            cstackCOMMON 00071
IOCBF5_SetInterruptHandler@InterruptHandler cstackCOMMON 00071
IOCCF4_SetInterruptHandler@InterruptHandler cstackCOMMON 00071
LCD_ClearScreen@bColor                      cstackBANK0  00025
LCD_ClearScreen@column                      cstackBANK0  00028
LCD_ClearScreen@row                         cstackBANK0  0002A
LCD_SetPosition@x0                          cstackCOMMON 00079
LCD_SetPosition@x1                          cstackBANK0  00020
LCD_SetPosition@y0                          cstackBANK0  00021
LCD_SetPosition@y1                          cstackBANK0  00023
LCD_Write@d                                 cstackCOMMON 00075
LCD_Write@dcx                               cstackCOMMON 00076
LCD_WriteCmd@d                              cstackCOMMON 00078
LCD_WriteCmdData@d                          cstackCOMMON 00078
LCD_WriteData16bits@data                    cstackBANK0  00020
LCD_WriteData16bits@highByte                cstackBANK0  00022
LCD_WriteData16bits@lowByte                 cstackBANK0  00023
LCD_WriteData@dataHighByte                  cstackCOMMON 0007A
LCD_WriteData@dataLowByte                   cstackCOMMON 00079
RangeCheck_XYWH@clip                        cstackCOMMON 00077
RangeCheck_XYWH@h                           cstackCOMMON 00073
RangeCheck_XYWH@w                           cstackCOMMON 00072
RangeCheck_XYWH@x                           cstackCOMMON 00078
RangeCheck_XYWH@y                           cstackCOMMON 00071
SPI1_ExchangeByte@data                      cstackCOMMON 00071
SPI1_Open@spi1UniqueConfiguration           cstackCOMMON 00074
_ADACCH                                     (abs)        00097
_ADACCL                                     (abs)        00096
_ADACCU                                     (abs)        00098
_ADACQH                                     (abs)        0010D
_ADACQL                                     (abs)        0010C
_ADACT                                      (abs)        00117
_ADCAP                                      (abs)        0010E
_ADCC_GetAccumulatorValue                   text18       008D0
_ADCC_GetSingleConversion                   text17       01748
_ADCC_Initialize                            text30       0080C
_ADCLK                                      (abs)        00118
_ADCNT                                      (abs)        00099
_ADCON0                                     (abs)        00111
_ADCON0bits                                 (abs)        00111
_ADCON1                                     (abs)        00112
_ADCON1bits                                 (abs)        00112
_ADCON2                                     (abs)        00113
_ADCON2bits                                 (abs)        00113
_ADCON3                                     (abs)        00114
_ADCON3bits                                 (abs)        00114
_ADERRH                                     (abs)        00091
_ADERRL                                     (abs)        00090
_ADFLTRH                                    (abs)        00095
_ADFLTRL                                    (abs)        00094
_ADLTHH                                     (abs)        0008D
_ADLTHL                                     (abs)        0008C
_ADPCH                                      (abs)        0009F
_ADPREH                                     (abs)        00110
_ADPREL                                     (abs)        0010F
_ADPREVH                                    (abs)        0009C
_ADPREVL                                    (abs)        0009B
_ADREF                                      (abs)        00116
_ADRESH                                     (abs)        0009E
_ADRESL                                     (abs)        0009D
_ADRPT                                      (abs)        0009A
_ADSTAT                                     (abs)        00115
_ADSTATbits                                 (abs)        00115
_ADSTPTH                                    (abs)        00093
_ADSTPTL                                    (abs)        00092
_ADUTHH                                     (abs)        0008F
_ADUTHL                                     (abs)        0008E
_ANSELA                                     (abs)        01F38
_ANSELB                                     (abs)        01F43
_ANSELC                                     (abs)        01F4E
_CLC1CON                                    (abs)        01E10
_CLC1CONbits                                (abs)        01E10
_CLC1GLS0                                   (abs)        01E16
_CLC1GLS1                                   (abs)        01E17
_CLC1GLS2                                   (abs)        01E18
_CLC1GLS3                                   (abs)        01E19
_CLC1POL                                    (abs)        01E11
_CLC1POLbits                                (abs)        01E11
_CLC1SEL0                                   (abs)        01E12
_CLC1SEL1                                   (abs)        01E13
_CLC1SEL2                                   (abs)        01E14
_CLC1SEL3                                   (abs)        01E15
_CLC1_Initialize                            text29       0178E
_CLC2CON                                    (abs)        01E1A
_CLC2CONbits                                (abs)        01E1A
_CLC2GLS0                                   (abs)        01E20
_CLC2GLS1                                   (abs)        01E21
_CLC2GLS2                                   (abs)        01E22
_CLC2GLS3                                   (abs)        01E23
_CLC2POL                                    (abs)        01E1B
_CLC2POLbits                                (abs)        01E1B
_CLC2SEL0                                   (abs)        01E1C
_CLC2SEL1                                   (abs)        01E1D
_CLC2SEL2                                   (abs)        01E1E
_CLC2SEL3                                   (abs)        01E1F
_CLC2_Initialize                            text28       017A3
_FVRCON                                     (abs)        0090C
_FVRCONbits                                 (abs)        0090C
_FVR_Initialize                             text27       007FB
_GFX_ClearScreen                            text35       016C3
_GFX_DrawPixel                              text4        00934
_GFX_DrawText                               text8        0066B
_GFX_Initialize                             text32       016B3
_GFX_SetFont                                text31       01711
_INLVLA                                     (abs)        01F3C
_INLVLB                                     (abs)        01F47
_INLVLC                                     (abs)        01F52
_INTERRUPT_InterruptManager                 intentry     00004
_IOCBF5_DefaultInterruptHandler             text52       016AC
_IOCBF5_ISR                                 text51       0172A
_IOCBF5_InterruptHandler                    nvBANK1      000A2
_IOCBF5_SetInterruptHandler                 text25       016B7
_IOCBFbits                                  (abs)        01F4A
_IOCBNbits                                  (abs)        01F49
_IOCBPbits                                  (abs)        01F48
_IOCCF4_DefaultInterruptHandler             text49       007FF
_IOCCF4_ISR                                 text48       01739
_IOCCF4_InterruptHandler                    nvBANK1      000A0
_IOCCF4_SetInterruptHandler                 text24       016BD
_IOCCFbits                                  (abs)        01F55
_IOCCNbits                                  (abs)        01F54
_IOCCPbits                                  (abs)        01F53
_LATA                                       (abs)        00018
_LATB                                       (abs)        00019
_LATBbits                                   (abs)        00019
_LATC                                       (abs)        0001A
_LATCbits                                   (abs)        0001A
_LCD_ClearScreen                            text36       007C3
_LCD_Initialize                             text33       00ECC
_LCD_SetPosition                            text39       00901
_LCD_Write                                  text42       017CF
_LCD_WriteCmd                               text41       016E9
_LCD_WriteCmdData                           text40       016F3
_LCD_WriteData                              text38       016FD
_LCD_WriteData16bits                        text37       01769
_ODCONA                                     (abs)        01F3A
_ODCONB                                     (abs)        01F45
_ODCONC                                     (abs)        01F50
_OSCCON1                                    (abs)        0088D
_OSCCON3                                    (abs)        0088F
_OSCEN                                      (abs)        00891
_OSCFRQ                                     (abs)        00893
_OSCILLATOR_Initialize                      text26       016CC
_OSCTUNE                                    (abs)        00892
_PIE0bits                                   (abs)        00716
_PIN_MANAGER_IOC                            text47       01758
_PIN_MANAGER_Initialize                     text23       009D6
_PIR0bits                                   (abs)        0070C
_PIR3bits                                   (abs)        0070F
_PMD0                                       (abs)        00796
_PMD1                                       (abs)        00797
_PMD2                                       (abs)        00798
_PMD3                                       (abs)        00799
_PMD4                                       (abs)        0079A
_PMD5                                       (abs)        0079B
_PMD6                                       (abs)        0079C
_PMD7                                       (abs)        0079D
_PMD_Initialize                             text22       01707
_PORTBbits                                  (abs)        0000D
_PORTCbits                                  (abs)        0000E
_RC1PPS                                     (abs)        01F21
_RC5PPS                                     (abs)        01F25
_RC6PPS                                     (abs)        01F26
_RangeCheck_XYWH                            text12       00B6F
_SLRCONA                                    (abs)        01F3B
_SLRCONB                                    (abs)        01F46
_SLRCONC                                    (abs)        01F51
_SPI1_Close                                 text45       016AD
_SPI1_ExchangeByte                          text44       0171D
_SPI1_Initialize                            text21       0177B
_SPI1_Open                                  text43       00A68
_SSP1ADD                                    (abs)        0018D
_SSP1BUF                                    (abs)        0018C
_SSP1CLKPPS                                 (abs)        01EC5
_SSP1CON1                                   (abs)        00190
_SSP1CON1bits                               (abs)        00190
_SSP1CON2                                   (abs)        00191
_SSP1DATPPS                                 (abs)        01EC6
_SSP1STAT                                   (abs)        0018F
_SYSTEM_Initialize                          text20       017E7
_TRISA                                      (abs)        00012
_TRISB                                      (abs)        00013
_TRISC                                      (abs)        00014
_TRISCbits                                  (abs)        00014
_WPUA                                       (abs)        01F39
_WPUB                                       (abs)        01F44
_WPUC                                       (abs)        01F4F
__CFG_BBEN$OFF                              (abs)        00000
__CFG_BBSIZE$BB512                          (abs)        00000
__CFG_BOREN$ON                              (abs)        00000
__CFG_BORV$LO                               (abs)        00000
__CFG_CLKOUTEN$OFF                          (abs)        00000
__CFG_CP$OFF                                (abs)        00000
__CFG_CSWEN$ON                              (abs)        00000
__CFG_FCMEN$ON                              (abs)        00000
__CFG_FEXTOSC$OFF                           (abs)        00000
__CFG_LPBOREN$OFF                           (abs)        00000
__CFG_LVP$ON                                (abs)        00000
__CFG_MCLRE$ON                              (abs)        00000
__CFG_PPS1WAY$ON                            (abs)        00000
__CFG_PWRTS$OFF                             (abs)        00000
__CFG_RSTOSC$HFINT1                         (abs)        00000
__CFG_SAFEN$OFF                             (abs)        00000
__CFG_STVREN$ON                             (abs)        00000
__CFG_WDTCCS$SC                             (abs)        00000
__CFG_WDTCPS$WDTCPS_31                      (abs)        00000
__CFG_WDTCWS$WDTCWS_7                       (abs)        00000
__CFG_WDTE$OFF                              (abs)        00000
__CFG_WRTAPP$OFF                            (abs)        00000
__CFG_WRTB$OFF                              (abs)        00000
__CFG_WRTC$OFF                              (abs)        00000
__CFG_WRTD$OFF                              (abs)        00000
__CFG_WRTSAF$OFF                            (abs)        00000
__CFG_ZCDDIS$OFF                            (abs)        00000
__Habs1                                     abs1         00000
__Hbank0                                    bank0        00000
__Hbank1                                    bank1        00000
__Hbank10                                   bank10       00000
__Hbank11                                   bank11       00000
__Hbank12                                   bank12       00000
__Hbank13                                   bank13       00000
__Hbank14                                   bank14       00000
__Hbank15                                   bank15       00000
__Hbank16                                   bank16       00000
__Hbank17                                   bank17       00000
__Hbank18                                   bank18       00000
__Hbank19                                   bank19       00000
__Hbank2                                    bank2        00000
__Hbank20                                   bank20       00000
__Hbank21                                   bank21       00000
__Hbank22                                   bank22       00000
__Hbank23                                   bank23       00000
__Hbank24                                   bank24       00000
__Hbank25                                   bank25       00000
__Hbank26                                   bank26       00000
__Hbank27                                   bank27       00000
__Hbank28                                   bank28       00000
__Hbank29                                   bank29       00000
__Hbank3                                    bank3        00000
__Hbank30                                   bank30       00000
__Hbank31                                   bank31       00000
__Hbank32                                   bank32       00000
__Hbank33                                   bank33       00000
__Hbank34                                   bank34       00000
__Hbank35                                   bank35       00000
__Hbank36                                   bank36       00000
__Hbank37                                   bank37       00000
__Hbank38                                   bank38       00000
__Hbank39                                   bank39       00000
__Hbank4                                    bank4        00000
__Hbank40                                   bank40       00000
__Hbank41                                   bank41       00000
__Hbank42                                   bank42       00000
__Hbank43                                   bank43       00000
__Hbank44                                   bank44       00000
__Hbank45                                   bank45       00000
__Hbank46                                   bank46       00000
__Hbank47                                   bank47       00000
__Hbank48                                   bank48       00000
__Hbank49                                   bank49       00000
__Hbank5                                    bank5        00000
__Hbank50                                   bank50       00000
__Hbank51                                   bank51       00000
__Hbank52                                   bank52       00000
__Hbank53                                   bank53       00000
__Hbank54                                   bank54       00000
__Hbank55                                   bank55       00000
__Hbank56                                   bank56       00000
__Hbank57                                   bank57       00000
__Hbank58                                   bank58       00000
__Hbank59                                   bank59       00000
__Hbank6                                    bank6        00000
__Hbank60                                   bank60       00000
__Hbank61                                   bank61       00000
__Hbank62                                   bank62       00000
__Hbank63                                   bank63       00000
__Hbank7                                    bank7        00000
__Hbank8                                    bank8        00000
__Hbank9                                    bank9        00000
__Hbigram                                   bigram       00000
__HbssBANK0                                 bssBANK0     00000
__HbssCOMMON                                bssCOMMON    00000
__Hcinit                                    cinit        00039
__Hclrtext                                  clrtext      00000
__Hcode                                     code         00000
__Hcommon                                   common       00000
__Hconfig                                   config       0800C
__HcstackBANK0                              cstackBANK0  00000
__HcstackCOMMON                             cstackCOMMON 00000
__HdataBANK0                                dataBANK0    00000
__Heeprom_data                              eeprom_data  00000
__Hend_init                                 end_init     00016
__Hfunctab                                  functab      00000
__HidataBANK0                               idataBANK0   00000
__Hidloc                                    idloc        00000
__Hinit                                     init         00014
__Hintentry                                 intentry     00014
__Hmaintext                                 maintext     00000
__HnvBANK1                                  nvBANK1      00000
__Hpowerup                                  powerup      00000
__Hram                                      ram          00000
__Hreset_vec                                reset_vec    00002
__Hsfr0                                     sfr0         00000
__Hsfr1                                     sfr1         00000
__Hsfr10                                    sfr10        00000
__Hsfr11                                    sfr11        00000
__Hsfr12                                    sfr12        00000
__Hsfr13                                    sfr13        00000
__Hsfr14                                    sfr14        00000
__Hsfr15                                    sfr15        00000
__Hsfr16                                    sfr16        00000
__Hsfr17                                    sfr17        00000
__Hsfr18                                    sfr18        00000
__Hsfr19                                    sfr19        00000
__Hsfr2                                     sfr2         00000
__Hsfr20                                    sfr20        00000
__Hsfr21                                    sfr21        00000
__Hsfr22                                    sfr22        00000
__Hsfr23                                    sfr23        00000
__Hsfr24                                    sfr24        00000
__Hsfr25                                    sfr25        00000
__Hsfr26                                    sfr26        00000
__Hsfr27                                    sfr27        00000
__Hsfr28                                    sfr28        00000
__Hsfr29                                    sfr29        00000
__Hsfr3                                     sfr3         00000
__Hsfr30                                    sfr30        00000
__Hsfr31                                    sfr31        00000
__Hsfr32                                    sfr32        00000
__Hsfr33                                    sfr33        00000
__Hsfr34                                    sfr34        00000
__Hsfr35                                    sfr35        00000
__Hsfr36                                    sfr36        00000
__Hsfr37                                    sfr37        00000
__Hsfr38                                    sfr38        00000
__Hsfr39                                    sfr39        00000
__Hsfr4                                     sfr4         00000
__Hsfr40                                    sfr40        00000
__Hsfr41                                    sfr41        00000
__Hsfr42                                    sfr42        00000
__Hsfr43                                    sfr43        00000
__Hsfr44                                    sfr44        00000
__Hsfr45                                    sfr45        00000
__Hsfr46                                    sfr46        00000
__Hsfr47                                    sfr47        00000
__Hsfr48                                    sfr48        00000
__Hsfr49                                    sfr49        00000
__Hsfr5                                     sfr5         00000
__Hsfr50                                    sfr50        00000
__Hsfr51                                    sfr51        00000
__Hsfr52                                    sfr52        00000
__Hsfr53                                    sfr53        00000
__Hsfr54                                    sfr54        00000
__Hsfr55                                    sfr55        00000
__Hsfr56                                    sfr56        00000
__Hsfr57                                    sfr57        00000
__Hsfr58                                    sfr58        00000
__Hsfr59                                    sfr59        00000
__Hsfr6                                     sfr6         00000
__Hsfr60                                    sfr60        00000
__Hsfr61                                    sfr61        00000
__Hsfr62                                    sfr62        00000
__Hsfr63                                    sfr63        00000
__Hsfr7                                     sfr7         00000
__Hsfr8                                     sfr8         00000
__Hsfr9                                     sfr9         00000
__Hspace_0                                  (abs)        0800C
__Hspace_1                                  (abs)        000A4
__Hspace_2                                  (abs)        00000
__Hspace_3                                  (abs)        00000
__Hstack                                    stack        00000
__Hstrings                                  strings      00000
__Hstringtext1                              stringtext1  00000
__Hstringtext2                              stringtext2  00000
__Hstringtext3                              stringtext3  00000
__Hstringtext4                              stringtext4  00000
__Hstringtext5                              stringtext5  00000
__Htext                                     text         00000
__Labs1                                     abs1         00000
__Lbank0                                    bank0        00000
__Lbank1                                    bank1        00000
__Lbank10                                   bank10       00000
__Lbank11                                   bank11       00000
__Lbank12                                   bank12       00000
__Lbank13                                   bank13       00000
__Lbank14                                   bank14       00000
__Lbank15                                   bank15       00000
__Lbank16                                   bank16       00000
__Lbank17                                   bank17       00000
__Lbank18                                   bank18       00000
__Lbank19                                   bank19       00000
__Lbank2                                    bank2        00000
__Lbank20                                   bank20       00000
__Lbank21                                   bank21       00000
__Lbank22                                   bank22       00000
__Lbank23                                   bank23       00000
__Lbank24                                   bank24       00000
__Lbank25                                   bank25       00000
__Lbank26                                   bank26       00000
__Lbank27                                   bank27       00000
__Lbank28                                   bank28       00000
__Lbank29                                   bank29       00000
__Lbank3                                    bank3        00000
__Lbank30                                   bank30       00000
__Lbank31                                   bank31       00000
__Lbank32                                   bank32       00000
__Lbank33                                   bank33       00000
__Lbank34                                   bank34       00000
__Lbank35                                   bank35       00000
__Lbank36                                   bank36       00000
__Lbank37                                   bank37       00000
__Lbank38                                   bank38       00000
__Lbank39                                   bank39       00000
__Lbank4                                    bank4        00000
__Lbank40                                   bank40       00000
__Lbank41                                   bank41       00000
__Lbank42                                   bank42       00000
__Lbank43                                   bank43       00000
__Lbank44                                   bank44       00000
__Lbank45                                   bank45       00000
__Lbank46                                   bank46       00000
__Lbank47                                   bank47       00000
__Lbank48                                   bank48       00000
__Lbank49                                   bank49       00000
__Lbank5                                    bank5        00000
__Lbank50                                   bank50       00000
__Lbank51                                   bank51       00000
__Lbank52                                   bank52       00000
__Lbank53                                   bank53       00000
__Lbank54                                   bank54       00000
__Lbank55                                   bank55       00000
__Lbank56                                   bank56       00000
__Lbank57                                   bank57       00000
__Lbank58                                   bank58       00000
__Lbank59                                   bank59       00000
__Lbank6                                    bank6        00000
__Lbank60                                   bank60       00000
__Lbank61                                   bank61       00000
__Lbank62                                   bank62       00000
__Lbank63                                   bank63       00000
__Lbank7                                    bank7        00000
__Lbank8                                    bank8        00000
__Lbank9                                    bank9        00000
__Lbigram                                   bigram       00000
__LbssBANK0                                 bssBANK0     00000
__LbssCOMMON                                bssCOMMON    00000
__Lcinit                                    cinit        00016
__Lclrtext                                  clrtext      00000
__Lcode                                     code         00000
__Lcommon                                   common       00000
__Lconfig                                   config       08007
__LcstackBANK0                              cstackBANK0  00000
__LcstackCOMMON                             cstackCOMMON 00000
__LdataBANK0                                dataBANK0    00000
__Leeprom_data                              eeprom_data  00000
__Lend_init                                 end_init     00014
__Lfunctab                                  functab      00000
__LidataBANK0                               idataBANK0   00000
__Lidloc                                    idloc        00000
__Linit                                     init         00014
__Lintentry                                 intentry     00004
__Lmaintext                                 maintext     00000
__LnvBANK1                                  nvBANK1      00000
__Lpowerup                                  powerup      00000
__Lram                                      ram          00000
__Lreset_vec                                reset_vec    00000
__Lsfr0                                     sfr0         00000
__Lsfr1                                     sfr1         00000
__Lsfr10                                    sfr10        00000
__Lsfr11                                    sfr11        00000
__Lsfr12                                    sfr12        00000
__Lsfr13                                    sfr13        00000
__Lsfr14                                    sfr14        00000
__Lsfr15                                    sfr15        00000
__Lsfr16                                    sfr16        00000
__Lsfr17                                    sfr17        00000
__Lsfr18                                    sfr18        00000
__Lsfr19                                    sfr19        00000
__Lsfr2                                     sfr2         00000
__Lsfr20                                    sfr20        00000
__Lsfr21                                    sfr21        00000
__Lsfr22                                    sfr22        00000
__Lsfr23                                    sfr23        00000
__Lsfr24                                    sfr24        00000
__Lsfr25                                    sfr25        00000
__Lsfr26                                    sfr26        00000
__Lsfr27                                    sfr27        00000
__Lsfr28                                    sfr28        00000
__Lsfr29                                    sfr29        00000
__Lsfr3                                     sfr3         00000
__Lsfr30                                    sfr30        00000
__Lsfr31                                    sfr31        00000
__Lsfr32                                    sfr32        00000
__Lsfr33                                    sfr33        00000
__Lsfr34                                    sfr34        00000
__Lsfr35                                    sfr35        00000
__Lsfr36                                    sfr36        00000
__Lsfr37                                    sfr37        00000
__Lsfr38                                    sfr38        00000
__Lsfr39                                    sfr39        00000
__Lsfr4                                     sfr4         00000
__Lsfr40                                    sfr40        00000
__Lsfr41                                    sfr41        00000
__Lsfr42                                    sfr42        00000
__Lsfr43                                    sfr43        00000
__Lsfr44                                    sfr44        00000
__Lsfr45                                    sfr45        00000
__Lsfr46                                    sfr46        00000
__Lsfr47                                    sfr47        00000
__Lsfr48                                    sfr48        00000
__Lsfr49                                    sfr49        00000
__Lsfr5                                     sfr5         00000
__Lsfr50                                    sfr50        00000
__Lsfr51                                    sfr51        00000
__Lsfr52                                    sfr52        00000
__Lsfr53                                    sfr53        00000
__Lsfr54                                    sfr54        00000
__Lsfr55                                    sfr55        00000
__Lsfr56                                    sfr56        00000
__Lsfr57                                    sfr57        00000
__Lsfr58                                    sfr58        00000
__Lsfr59                                    sfr59        00000
__Lsfr6                                     sfr6         00000
__Lsfr60                                    sfr60        00000
__Lsfr61                                    sfr61        00000
__Lsfr62                                    sfr62        00000
__Lsfr63                                    sfr63        00000
__Lsfr7                                     sfr7         00000
__Lsfr8                                     sfr8         00000
__Lsfr9                                     sfr9         00000
__Lspace_0                                  (abs)        00000
__Lspace_1                                  (abs)        00000
__Lspace_2                                  (abs)        00000
__Lspace_3                                  (abs)        00000
__Lstack                                    stack        00000
__Lstrings                                  strings      00000
__Lstringtext1                              stringtext1  00000
__Lstringtext2                              stringtext2  00000
__Lstringtext3                              stringtext3  00000
__Lstringtext4                              stringtext4  00000
__Lstringtext5                              stringtext5  00000
__Ltext                                     text         00000
__S0                                        (abs)        0800C
__S1                                        (abs)        000A4
__S2                                        (abs)        00000
__S3                                        (abs)        00000
___awdiv                                    text11       00B10
___awdiv@counter                            cstackCOMMON 00076
___awdiv@dividend                           cstackCOMMON 00073
___awdiv@divisor                            cstackCOMMON 00071
___awdiv@quotient                           cstackCOMMON 00078
___awdiv@sign                               cstackCOMMON 00077
___bmul                                     text10       017B9
___bmul@multiplicand                        cstackCOMMON 0007A
___bmul@multiplier                          cstackBANK0  00021
___bmul@product                             cstackBANK0  00020
___int_sp                                   stack        00000
___latbits                                  (abs)        00003
___lldiv                                    text16       00AB5
___lldiv@counter                            cstackBANK0  00024
___lldiv@dividend                           cstackCOMMON 00075
___lldiv@divisor                            cstackCOMMON 00071
___lldiv@quotient                           cstackBANK0  00020
___llmod                                    text7        00A1D
___llmod@counter                            cstackCOMMON 0007B
___llmod@dividend                           cstackBANK0  00029
___llmod@divisor                            cstackBANK0  00025
___lmul                                     text15       00969
___lmul@multiplicand                        cstackCOMMON 00075
___lmul@multiplier                          cstackCOMMON 00071
___lmul@product                             cstackBANK0  00020
___sp                                       stack        00000
___stackhi                                  (abs)        025ED
___stacklo                                  (abs)        02054
___wmul                                     text9        0082A
___wmul@multiplicand                        cstackCOMMON 00073
___wmul@multiplier                          cstackCOMMON 00071
___wmul@product                             cstackCOMMON 00075
__end_of_ADCC_GetAccumulatorValue           text18       00901
__end_of_ADCC_GetSingleConversion           text17       01758
__end_of_ADCC_Initialize                    text30       0082A
__end_of_CLC1_Initialize                    text29       017A3
__end_of_CLC2_Initialize                    text28       017B9
__end_of_FVR_Initialize                     text27       007FF
__end_of_GFX_ClearScreen                    text35       016CC
__end_of_GFX_DrawPixel                      text4        00969
__end_of_GFX_DrawText                       text8        007C3
__end_of_GFX_Initialize                     text32       016B7
__end_of_GFX_SetFont                        text31       0171D
__end_of_INTERRUPT_InterruptManager         intentry     00014
__end_of_IOCBF5_DefaultInterruptHandler     text52       016AD
__end_of_IOCBF5_ISR                         text51       01739
__end_of_IOCBF5_SetInterruptHandler         text25       016BD
__end_of_IOCCF4_DefaultInterruptHandler     text49       00800
__end_of_IOCCF4_ISR                         text48       01748
__end_of_IOCCF4_SetInterruptHandler         text24       016C3
__end_of_LCD_ClearScreen                    text36       007FB
__end_of_LCD_Initialize                     text33       01000
__end_of_LCD_SetPosition                    text39       00934
__end_of_LCD_Write                          text42       017E7
__end_of_LCD_WriteCmd                       text41       016F3
__end_of_LCD_WriteCmdData                   text40       016FD
__end_of_LCD_WriteData                      text38       01707
__end_of_LCD_WriteData16bits                text37       0177B
__end_of_OSCILLATOR_Initialize              text26       016D5
__end_of_PIN_MANAGER_IOC                    text47       01769
__end_of_PIN_MANAGER_Initialize             text23       00A1D
__end_of_PMD_Initialize                     text22       01711
__end_of_RangeCheck_XYWH                    text12       00BDD
__end_of_SPI1_Close                         text45       016B0
__end_of_SPI1_ExchangeByte                  text44       0172A
__end_of_SPI1_Initialize                    text21       0178E
__end_of_SPI1_Open                          text43       00AB5
__end_of_SYSTEM_Initialize                  text20       01800
__end_of___awdiv                            text11       00B6F
__end_of___bmul                             text10       017CF
__end_of___lldiv                            text16       00B10
__end_of___llmod                            text7        00A68
__end_of___lmul                             text15       0099F
__end_of___wmul                             text9        00849
__end_of__initialization                    cinit        00035
__end_of_addToPlot                          text5        00C59
__end_of_clearPlot                          text19       009D6
__end_of_drawPlot                           text3        00ECC
__end_of_drawPressure                       text6        0066B
__end_of_drawPressurePlots                  text2        00DE1
__end_of_font8x12                           stringtext3  01810
__end_of_font8x12data                       stringtext2  004AD
__end_of_initPressure                       text13       00874
__end_of_lcdSelect                          text34       016B3
__end_of_main                               maintext     008A1
__end_of_onS2Action                         text53       016DF
__end_of_onS3Action                         text50       016E9
__end_of_pressureScreenTasks                text1        008D0
__end_of_readPressure                       text14       00D1C
__end_of_spi1_configuration                 stringtext1  01814
__initialization                            cinit        00016
__pbssBANK0                                 bssBANK0     00059
__pbssBIGRAM                                (abs)        025EE
__pbssCOMMON                                bssCOMMON    0007C
__pcstackBANK0                              cstackBANK0  00020
__pcstackCOMMON                             cstackCOMMON 00070
__pdataBANK0                                dataBANK0    0006E
__pidataBANK0                               idataBANK0   00002
__pintentry                                 intentry     00004
__pmaintext                                 maintext     00874
__pnvBANK1                                  nvBANK1      000A0
__pstringtext1                              stringtext1  01810
__pstringtext2                              stringtext2  00039
__pstringtext3                              stringtext3  01809
__pstringtext4                              stringtext4  01800
__pstringtext5                              stringtext5  00000
__ptext1                                    text1        008A1
__ptext10                                   text10       017B9
__ptext11                                   text11       00B10
__ptext12                                   text12       00B6F
__ptext13                                   text13       00849
__ptext14                                   text14       00C59
__ptext15                                   text15       00969
__ptext16                                   text16       00AB5
__ptext17                                   text17       01748
__ptext18                                   text18       008D0
__ptext19                                   text19       0099F
__ptext2                                    text2        00D1C
__ptext20                                   text20       017E7
__ptext21                                   text21       0177B
__ptext22                                   text22       01707
__ptext23                                   text23       009D6
__ptext24                                   text24       016BD
__ptext25                                   text25       016B7
__ptext26                                   text26       016CC
__ptext27                                   text27       007FB
__ptext28                                   text28       017A3
__ptext29                                   text29       0178E
__ptext3                                    text3        00DE1
__ptext30                                   text30       0080C
__ptext31                                   text31       01711
__ptext32                                   text32       016B3
__ptext33                                   text33       00ECC
__ptext34                                   text34       016B0
__ptext35                                   text35       016C3
__ptext36                                   text36       007C3
__ptext37                                   text37       01769
__ptext38                                   text38       016FD
[...]
      Temps:          0       0       0       0       0       0       0       0       0       0       0       0       0       0       0       0       0       0       0       0       0       0       0       0       0       0       0
      Totals:         0       0       0       0       0       0       0       0       0       0       0       0       0       0       0       0       0       0       0       0       0       0       0       0       0       0       0
Total ram usage:        0 bytes
 Hardware stack levels used:    1
 Hardware stack levels required when called:    4
 This function calls:
		Nothing
 This function is called by:
		_LCD_Write
 This function uses a non-reentrant model


 *************** function _INTERRUPT_InterruptManager *****************
 Defined at:
		line 52 in file "mcc_generated_files/interrupt_manager.c"
 Parameters:    Size  Location     Type
		None
 Auto vars:     Size  Location     Type
		None
 Return value:  Size  Location     Type
                  1    wreg      void 
 Registers used:
		wreg, status,2, status,0, pclath, cstack
 Tracked objects:
		On entry : 
		On exit  : 
		Unchanged: 
 Data sizes:     COMMON   BANK0   BANK1   BANK2   BANK3   BANK4   BANK5   BANK6   BANK7   BANK8   BANK9  BANK10  BANK11  BANK12  BANK13  BANK14  BANK15  BANK16  BANK17  BANK18  BANK19  BANK20  BANK21  BANK22  BANK23  BANK24  BANK25
      Params:         0       0       0       0       0       0       0       0       0       0       0       0       0       0       0       0       0       0       0       0       0       0       0       0       0       0       0
      Locals:         0       0       0       0       0       0       0       0       0       0       0       0       0       0       0       0       0       0       0       0       0       0       0       0       0       0       0
      Temps:          0       0       0       0       0       0       0       0       0       0       0       0       0       0       0       0       0       0       0       0       0       0       0       0       0       0       0
      Totals:         0       0       0       0       0       0       0       0       0       0       0       0       0       0       0       0       0       0       0       0       0       0       0       0       0       0       0
Total ram usage:        0 bytes
 Hardware stack levels used:    1
 Hardware stack levels required when called:    3
 This function calls:
		_PIN_MANAGER_IOC
 This function is called by:
		Interrupt level 1
 This function uses a non-reentrant model


 *************** function _PIN_MANAGER_IOC *****************
 Defined at:
		line 143 in file "mcc_generated_files/pin_manager.c"
 Parameters:    Size  Location     Type
		None
 Auto vars:     Size  Location     Type
		None
 Return value:  Size  Location     Type
                  1    wreg      void 
 Registers used:
		wreg, status,2, status,0, pclath, cstack
 Tracked objects:
		On entry : 
		On exit  : 
		Unchanged: 
 Data sizes:     COMMON   BANK0   BANK1   BANK2   BANK3   BANK4   BANK5   BANK6   BANK7   BANK8   BANK9  BANK10  BANK11  BANK12  BANK13  BANK14  BANK15  BANK16  BANK17  BANK18  BANK19  BANK20  BANK21  BANK22  BANK23  BANK24  BANK25
      Params:         0       0       0       0       0       0       0       0       0       0       0       0       0       0       0       0       0       0       0       0       0       0       0       0       0       0       0
      Locals:         0       0       0       0       0       0       0       0       0       0       0       0       0       0       0       0       0       0       0       0       0       0       0       0       0       0       0
      Temps:          0       0       0       0       0       0       0       0       0       0       0       0       0       0       0       0       0       0       0       0       0       0       0       0       0       0       0
      Totals:         0       0       0       0       0       0       0       0       0       0       0       0       0       0       0       0       0       0       0       0       0       0       0       0       0       0       0
Total ram usage:        0 bytes
 Hardware stack levels used:    1
 Hardware stack levels required when called:    2
 This function calls:
		_IOCBF5_ISR
		_IOCCF4_ISR
 This function is called by:
		_INTERRUPT_InterruptManager
 This function uses a non-reentrant model


 *************** function _IOCCF4_ISR *****************
 Defined at:
		line 190 in file "mcc_generated_files/pin_manager.c"
 Parameters:    Size  Location     Type
		None
 Auto vars:     Size  Location     Type
		None
 Return value:  Size  Location     Type
                  1    wreg      void 
 Registers used:
		wreg, status,2, status,0, pclath, cstack
 Tracked objects:
		On entry : 
		On exit  : 
		Unchanged: 
 Data sizes:     COMMON   BANK0   BANK1   BANK2   BANK3   BANK4   BANK5   BANK6   BANK7   BANK8   BANK9  BANK10  BANK11  BANK12  BANK13  BANK14  BANK15  BANK16  BANK17  BANK18  BANK19  BANK20  BANK21  BANK22  BANK23  BANK24  BANK25
      Params:         0       0       0       0       0       0       0       0       0       0       0       0       0       0       0       0       0       0       0       0       0       0       0       0       0       0       0
      Locals:         0       0       0       0       0       0       0       0       0       0       0       0       0       0       0       0       0       0       0       0       0       0       0       0       0       0       0
      Temps:          0       0       0       0       0       0       0       0       0       0       0       0       0       0       0       0       0       0       0       0       0       0       0       0       0       0       0
      Totals:         0       0       0       0       0       0       0       0       0       0       0       0       0       0       0       0       0       0       0       0       0       0       0       0       0       0       0
Total ram usage:        0 bytes
 Hardware stack levels used:    1
 Hardware stack levels required when called:    1
 This function calls:
		Absolute function
		_IOCCF4_DefaultInterruptHandler
		_onS3Action
 This function is called by:
		_PIN_MANAGER_IOC
 This function uses a non-reentrant model


 *************** function _IOCCF4_DefaultInterruptHandler *****************
 Defined at:
		line 212 in file "mcc_generated_files/pin_manager.c"
 Parameters:    Size  Location     Type
		None
 Auto vars:     Size  Location     Type
		None
 Return value:  Size  Location     Type
                  1    wreg      void 
 Registers used:
		None
 Tracked objects:
		On entry : 
		On exit  : 
		Unchanged: 
 Data sizes:     COMMON   BANK0   BANK1   BANK2   BANK3   BANK4   BANK5   BANK6   BANK7   BANK8   BANK9  BANK10  BANK11  BANK12  BANK13  BANK14  BANK15  BANK16  BANK17  BANK18  BANK19  BANK20  BANK21  BANK22  BANK23  BANK24  BANK25
      Params:         0       0       0       0       0       0       0       0       0       0       0       0       0       0       0       0       0       0       0       0       0       0       0       0       0       0       0
      Locals:         0       0       0       0       0       0       0       0       0       0       0       0       0       0       0       0       0       0       0       0       0       0       0       0       0       0       0
      Temps:          0       0       0       0       0       0       0       0       0       0       0       0       0       0       0       0       0       0       0       0       0       0       0       0       0       0       0
      Totals:         0       0       0       0       0       0       0       0       0       0       0       0       0       0       0       0       0       0       0       0       0       0       0       0       0       0       0
Total ram usage:        0 bytes
 Hardware stack levels used:    1
 This function calls:
		Nothing
 This function is called by:
		_PIN_MANAGER_Initialize
		_IOCCF4_ISR
 This function uses a non-reentrant model


 *************** function _onS3Action *****************
 Defined at:
		line 72 in file "main.c"
 Parameters:    Size  Location     Type
		None
 Auto vars:     Size  Location     Type
		None
 Return value:  Size  Location     Type
                  1    wreg      void 
 Registers used:
		wreg
 Tracked objects:
		On entry : 
		On exit  : 
		Unchanged: 
 Data sizes:     COMMON   BANK0   BANK1   BANK2   BANK3   BANK4   BANK5   BANK6   BANK7   BANK8   BANK9  BANK10  BANK11  BANK12  BANK13  BANK14  BANK15  BANK16  BANK17  BANK18  BANK19  BANK20  BANK21  BANK22  BANK23  BANK24  BANK25
      Params:         0       0       0       0       0       0       0       0       0       0       0       0       0       0       0       0       0       0       0       0       0       0       0       0       0       0       0
      Locals:         0       0       0       0       0       0       0       0       0       0       0       0       0       0       0       0       0       0       0       0       0       0       0       0       0       0       0
      Temps:          1       0       0       0       0       0       0       0       0       0       0       0       0       0       0       0       0       0       0       0       0       0       0       0       0       0       0
      Totals:         1       0       0       0       0       0       0       0       0       0       0       0       0       0       0       0       0       0       0       0       0       0       0       0       0       0       0
Total ram usage:        1 bytes
 Hardware stack levels used:    1
 This function calls:
		Nothing
 This function is called by:
		_main
		_IOCCF4_ISR
 This function uses a non-reentrant model


 *************** function _IOCBF5_ISR *****************
 Defined at:
		line 160 in file "mcc_generated_files/pin_manager.c"
 Parameters:    Size  Location     Type
		None
 Auto vars:     Size  Location     Type
		None
 Return value:  Size  Location     Type
                  1    wreg      void 
 Registers used:
		wreg, status,2, status,0, pclath, cstack
 Tracked objects:
		On entry : 
		On exit  : 
		Unchanged: 
 Data sizes:     COMMON   BANK0   BANK1   BANK2   BANK3   BANK4   BANK5   BANK6   BANK7   BANK8   BANK9  BANK10  BANK11  BANK12  BANK13  BANK14  BANK15  BANK16  BANK17  BANK18  BANK19  BANK20  BANK21  BANK22  BANK23  BANK24  BANK25
      Params:         0       0       0       0       0       0       0       0       0       0       0       0       0       0       0       0       0       0       0       0       0       0       0       0       0       0       0
      Locals:         0       0       0       0       0       0       0       0       0       0       0       0       0       0       0       0       0       0       0       0       0       0       0       0       0       0       0
      Temps:          0       0       0       0       0       0       0       0       0       0       0       0       0       0       0       0       0       0       0       0       0       0       0       0       0       0       0
      Totals:         0       0       0       0       0       0       0       0       0       0       0       0       0       0       0       0       0       0       0       0       0       0       0       0       0       0       0
Total ram usage:        0 bytes
 Hardware stack levels used:    1
 Hardware stack levels required when called:    1
 This function calls:
		Absolute function
		_IOCBF5_DefaultInterruptHandler
		_onS2Action
 This function is called by:
		_PIN_MANAGER_IOC
 This function uses a non-reentrant model


 *************** function _IOCBF5_DefaultInterruptHandler *****************
 Defined at:
		line 182 in file "mcc_generated_files/pin_manager.c"
 Parameters:    Size  Location     Type
		None
 Auto vars:     Size  Location     Type
		None
 Return value:  Size  Location     Type
                  1    wreg      void 
 Registers used:
		None
 Tracked objects:
		On entry : 
		On exit  : 
		Unchanged: 
 Data sizes:     COMMON   BANK0   BANK1   BANK2   BANK3   BANK4   BANK5   BANK6   BANK7   BANK8   BANK9  BANK10  BANK11  BANK12  BANK13  BANK14  BANK15  BANK16  BANK17  BANK18  BANK19  BANK20  BANK21  BANK22  BANK23  BANK24  BANK25
      Params:         0       0       0       0       0       0       0       0       0       0       0       0       0       0       0       0       0       0       0       0       0       0       0       0       0       0       0
      Locals:         0       0       0       0       0       0       0       0       0       0       0       0       0       0       0       0       0       0       0       0       0       0       0       0       0       0       0
      Temps:          0       0       0       0       0       0       0       0       0       0       0       0       0       0       0       0       0       0       0       0       0       0       0       0       0       0       0
      Totals:         0       0       0       0       0       0       0       0       0       0       0       0       0       0       0       0       0       0       0       0       0       0       0       0       0       0       0
Total ram usage:        0 bytes
 Hardware stack levels used:    1
 This function calls:
		Nothing
 This function is called by:
		_PIN_MANAGER_Initialize
		_IOCBF5_ISR
 This function uses a non-reentrant model


 *************** function _onS2Action *****************
 Defined at:
		line 64 in file "main.c"
 Parameters:    Size  Location     Type
		None
 Auto vars:     Size  Location     Type
		None
 Return value:  Size  Location     Type
                  1    wreg      void 
 Registers used:
		wreg
 Tracked objects:
		On entry : 
		On exit  : 
		Unchanged: 
 Data sizes:     COMMON   BANK0   BANK1   BANK2   BANK3   BANK4   BANK5   BANK6   BANK7   BANK8   BANK9  BANK10  BANK11  BANK12  BANK13  BANK14  BANK15  BANK16  BANK17  BANK18  BANK19  BANK20  BANK21  BANK22  BANK23  BANK24  BANK25
      Params:         0       0       0       0       0       0       0       0       0       0       0       0       0       0       0       0       0       0       0       0       0       0       0       0       0       0       0
      Locals:         0       0       0       0       0       0       0       0       0       0       0       0       0       0       0       0       0       0       0       0       0       0       0       0       0       0       0
      Temps:          1       0       0       0       0       0       0       0       0       0       0       0       0       0       0       0       0       0       0       0       0       0       0       0       0       0       0
      Totals:         1       0       0       0       0       0       0       0       0       0       0       0       0       0       0       0       0       0       0       0       0       0       0       0       0       0       0
Total ram usage:        1 bytes
 Hardware stack levels used:    1
 This function calls:
		Nothing
 This function is called by:
		_main
		_IOCBF5_ISR
 This function uses a non-reentrant model



MODULE INFORMATION

Module		Function		Class		Link	Load	Size
C:\Program Files (x86)\Microchip\xc8\v2.10\pic\sources\c99\common\Umul32.c
		___lmul        		CODE           	0969	0000	55

C:\Program Files (x86)\Microchip\xc8\v2.10\pic\sources\c99\common\Umul32.c estimated size: 55

mcc_generated_files/fvr.c
		_FVR_Initialize		CODE           	07FB	0000	5

mcc_generated_files/fvr.c estimated size: 5

mcc_generated_files/interrupt_manager.c
		_INTERRUPT_InterruptManager		CODE           	0004	0000	17

mcc_generated_files/interrupt_manager.c estimated size: 17

C:\Program Files (x86)\Microchip\xc8\v2.10\pic\sources\c99\common\awdiv.c
		___awdiv       		CODE           	0B10	0000	96

C:\Program Files (x86)\Microchip\xc8\v2.10\pic\sources\c99\common\awdiv.c estimated size: 96

mcc_generated_files/pin_manager.c
		_PIN_MANAGER_Initialize		CODE           	09D6	0000	72
		_IOCBF5_SetInterruptHandler		CODE           	16B7	0000	7
		_IOCCF4_DefaultInterruptHandler		CODE           	07FF	0000	2
		_IOCCF4_ISR    		CODE           	1739	0000	16
		_PIN_MANAGER_IOC		CODE           	1758	0000	18
		_IOCBF5_DefaultInterruptHandler		CODE           	16AC	0000	2
		_IOCBF5_ISR    		CODE           	172A	0000	16
		_IOCCF4_SetInterruptHandler		CODE           	16BD	0000	7

mcc_generated_files/pin_manager.c estimated size: 140

C:\Program Files (x86)\Microchip\xc8\v2.10\pic\sources\c99\common\Umul8.c
		___bmul        		CODE           	17B9	0000	23

C:\Program Files (x86)\Microchip\xc8\v2.10\pic\sources\c99\common\Umul8.c estimated size: 23

pressure.c
		_drawPressure  		CODE           	04AD	0000	447
		_initPressure  		CODE           	0849	0000	44
		_readPressure  		CODE           	0C59	0000	196
		_drawPressurePlots		CODE           	0D1C	0000	198
		_pressureScreenTasks		CODE           	08A1	0000	48

pressure.c estimated size: 933

C:\Program Files (x86)\Microchip\xc8\v2.10\pic\sources\c99\common\__lldiv.c
		___lldiv       		CODE           	0AB5	0000	92

C:\Program Files (x86)\Microchip\xc8\v2.10\pic\sources\c99\common\__lldiv.c estimated size: 92

mcc_generated_files/spi1.c
		_SPI1_Open     		CODE           	0A68	0000	78
		_SPI1_Initialize		CODE           	177B	0000	20
		_SPI1_Close    		CODE           	16AD	0000	4
		_SPI1_ExchangeByte		CODE           	171D	0000	14

mcc_generated_files/spi1.c estimated size: 116

graphics.c
		_GFX_DrawText  		CODE           	066B	0000	345
		_GFX_ClearScreen		CODE           	16C3	0000	10
		_RangeCheck_XYWH		CODE           	0B6F	0000	111
		_GFX_DrawPixel 		CODE           	0934	0000	54
		_GFX_SetFont   		CODE           	1711	0000	13
		_GFX_Initialize		CODE           	16B3	0000	5

graphics.c estimated size: 538

mcc_generated_files/clc2.c
		_CLC2_Initialize		CODE           	17A3	0000	23

mcc_generated_files/clc2.c estimated size: 23

plot.c
		_drawPlot      		CODE           	0DE1	0000	236
		_clearPlot     		CODE           	099F	0000	56
		_addToPlot     		CODE           	0BDD	0000	125

plot.c estimated size: 417

shared
		__initialization		CODE           	0016	0000	32
		_font8x12      		STRCODE        	1809	0000	8
		_spi1_configuration		STRCODE        	1810	0000	5
		_font8x12data  		STRCODE        	0039	0000	1141

shared estimated size: 1186

mcc_generated_files/mcc.c
		_PMD_Initialize		CODE           	1707	0000	11
		_OSCILLATOR_Initialize		CODE           	16CC	0000	10
		_SYSTEM_Initialize		CODE           	17E7	0000	26

mcc_generated_files/mcc.c estimated size: 47

C:\Program Files (x86)\Microchip\xc8\v2.10\pic\sources\c99\common\Umul16.c
		___wmul        		CODE           	082A	0000	32

C:\Program Files (x86)\Microchip\xc8\v2.10\pic\sources\c99\common\Umul16.c estimated size: 32

mcc_generated_files/adcc.c
		_ADCC_GetSingleConversion		CODE           	1748	0000	17
		_ADCC_GetAccumulatorValue		CODE           	08D0	0000	50
		_ADCC_Initialize		CODE           	080C	0000	31

mcc_generated_files/adcc.c estimated size: 98

main.c
		_main          		CODE           	0874	0000	46
		_onS2Action    		CODE           	16D5	0000	11
		_onS3Action    		CODE           	16DF	0000	11

main.c estimated size: 68

C:\Program Files (x86)\Microchip\xc8\v2.10\pic\sources\c99\common\llmod.c
		___llmod       		CODE           	0A1D	0000	76

C:\Program Files (x86)\Microchip\xc8\v2.10\pic\sources\c99\common\llmod.c estimated size: 76

ili9163c.c
		_LCD_ClearScreen		CODE           	07C3	0000	57
		_LCD_WriteData16bits		CODE           	1769	0000	19
		_LCD_Initialize		CODE           	0ECC	0000	309
		_lcdSelect     		CODE           	16B0	0000	4
		_LCD_SetPosition		CODE           	0901	0000	52
		_LCD_Write     		CODE           	17CF	0000	25
		_LCD_WriteCmd  		CODE           	16E9	0000	11
		_LCD_WriteCmdData		CODE           	16F3	0000	11
		_LCD_WriteData 		CODE           	16FD	0000	11

ili9163c.c estimated size: 499

mcc_generated_files/clc1.c
		_CLC1_Initialize		CODE           	178E	0000	22

mcc_generated_files/clc1.c estimated size: 22

